CREATE TABLE t (a int) USING columnstore;
INSERT INTO t VALUES (1), (2), (3);
INSERT INTO t VALUES (123) RETURNING a + 1;
ERROR:  RETURNING clause is not supported yet
UPDATE t SET a = -a RETURNING a + 1;
ERROR:  RETURNING clause is not supported yet
DELETE FROM t RETURNING a + 1;
ERROR:  RETURNING clause is not supported yet
DROP TABLE t;
