\set pwd `pwd`
\set csv_file '\'' :pwd '/results/copy.csv'  '\''
COPY (SELECT * FROM generate_series(1, 5)) TO :csv_file;
CREATE TABLE t (a int) USING columnstore;
COPY t FROM :csv_file;
SELECT * FROM t;
 a 
---
 1
 2
 3
 4
 5
(5 rows)

COPY t TO :csv_file;
COPY (SELECT * FROM t) TO :csv_file;
DROP TABLE t;
