CREATE TABLE s (a int);
CREATE TABLE t (b int) USING columnstore;
BEGIN;
INSERT INTO s VALUES (1);
INSERT INTO t VALUES (2);
COMMIT;
SELECT * FROM s;
 a 
---
 1
(1 row)

SELECT * FROM t;
 b 
---
 2
(1 row)

DROP TABLE s, t;
